
****** xsim v2024.1 (64-bit)
  **** SW Build 5076996 on Wed May 22 18:36:09 MDT 2024
  **** IP Build 5075265 on Wed May 22 21:45:21 MDT 2024
  **** SharedData Build 5076995 on Wed May 22 18:29:18 MDT 2024
  **** Start of session at: Tue Apr 28 18:38:35 2026
    ** Copyright 1986-2022 Xilinx, Inc. All Rights Reserved.
    ** Copyright 2022-2024 Advanced Micro Devices, Inc. All Rights Reserved.

source xsim.dir/tb_trigger_logic_xsim_snapshot/xsim_script.tcl
# xsim {tb_trigger_logic_xsim_snapshot} -autoloadwcfg -tclbatch {/data3/home/pleguina/work/l1t-omtf-ops/arc-framework/plugins/trigger_demo/verify/trigger_logic_xsim/xsim_work/wave.tcl}
Time resolution is 1 ps
source /data3/home/pleguina/work/l1t-omtf-ops/arc-framework/plugins/trigger_demo/verify/trigger_logic_xsim/xsim_work/wave.tcl
## log_wave /tb_trigger_logic_xsim/*
## run all
FAIL [E0] trigger_accept=x expect=1
FAIL [E0] trigger_quality=X expect=3
FAIL [E0] trigger_valid=x expect=1
FAIL [E1] trigger_accept=x expect=0
FAIL [E1] trigger_quality=X expect=1
FAIL [E1] trigger_valid=x expect=1
FAIL [E2] trigger_accept=x expect=1
FAIL [E2] trigger_quality=X expect=4
FAIL [E2] trigger_valid=x expect=1
FAIL [E3] trigger_accept=x expect=0
FAIL [E3] trigger_quality=X expect=0
FAIL [E3] trigger_valid=x expect=0
Fatal: TB FAIL: trigger_logic_xsim — 1 assertion(s) failed
Time: 31 ns  Iteration: 0  Process: /tb_trigger_logic_xsim/run_stimulus  Scope: tb_trigger_logic_xsim.run_stimulus  File: /data3/home/pleguina/work/l1t-omtf-ops/arc-framework/plugins/trigger_demo/verify/trigger_logic_xsim/stimulus_current.svh Line: 52
$finish called at time : 31 ns
## quit
INFO: [Common 17-206] Exiting xsim at Tue Apr 28 18:38:37 2026...
