#-----------------------------------------------------------
# xsim v2024.1 (64-bit)
# SW Build 5076996 on Wed May 22 18:36:09 MDT 2024
# IP Build 5075265 on Wed May 22 21:45:21 MDT 2024
# SharedData Build 5076995 on Wed May 22 18:29:18 MDT 2024
# Start of session at: Tue Apr 28 18:38:35 2026
# Process ID: 3229288
# Current directory: /data3/home/pleguina/work/l1t-omtf-ops/arc-framework/plugins/trigger_demo/verify/trigger_logic_xsim/xsim_work
# Command line: xsim -log /data3/home/pleguina/work/l1t-omtf-ops/arc-framework/plugins/trigger_demo/verify/trigger_logic_xsim/xsim_work/simulate.log -mode tcl -source {xsim.dir/tb_trigger_logic_xsim_snapshot/xsim_script.tcl}
# Log file: /data3/home/pleguina/work/l1t-omtf-ops/arc-framework/plugins/trigger_demo/verify/trigger_logic_xsim/xsim_work/simulate.log
# Journal file: /data3/home/pleguina/work/l1t-omtf-ops/arc-framework/plugins/trigger_demo/verify/trigger_logic_xsim/xsim_work/xsim.jou
# Running On        :pcwaw10
# Platform          :unknown
# Operating System  :unknown
# Processor Detail  :Intel(R) Core(TM) i9-14900K
# CPU Frequency     :800.000 MHz
# CPU Physical cores:24
# CPU Logical cores :32
# Host memory       :134199 MB
# Swap memory       :4294 MB
# Total Virtual     :138494 MB
# Available Virtual :87283 MB
#-----------------------------------------------------------
source xsim.dir/tb_trigger_logic_xsim_snapshot/xsim_script.tcl
# xsim {tb_trigger_logic_xsim_snapshot} -autoloadwcfg -tclbatch {/data3/home/pleguina/work/l1t-omtf-ops/arc-framework/plugins/trigger_demo/verify/trigger_logic_xsim/xsim_work/wave.tcl}
Time resolution is 1 ps
source /data3/home/pleguina/work/l1t-omtf-ops/arc-framework/plugins/trigger_demo/verify/trigger_logic_xsim/xsim_work/wave.tcl
## log_wave /tb_trigger_logic_xsim/*
## run all
FAIL [E0] trigger_accept=x expect=1
FAIL [E0] trigger_quality=X expect=3
FAIL [E0] trigger_valid=x expect=1
FAIL [E1] trigger_accept=x expect=0
FAIL [E1] trigger_quality=X expect=1
FAIL [E1] trigger_valid=x expect=1
FAIL [E2] trigger_accept=x expect=1
FAIL [E2] trigger_quality=X expect=4
FAIL [E2] trigger_valid=x expect=1
FAIL [E3] trigger_accept=x expect=0
FAIL [E3] trigger_quality=X expect=0
FAIL [E3] trigger_valid=x expect=0
Fatal: TB FAIL: trigger_logic_xsim — 1 assertion(s) failed
Time: 31 ns  Iteration: 0  Process: /tb_trigger_logic_xsim/run_stimulus  Scope: tb_trigger_logic_xsim.run_stimulus  File: /data3/home/pleguina/work/l1t-omtf-ops/arc-framework/plugins/trigger_demo/verify/trigger_logic_xsim/stimulus_current.svh Line: 52
$finish called at time : 31 ns
## quit
INFO: [Common 17-206] Exiting xsim at Tue Apr 28 18:38:37 2026...
