#-----------------------------------------------------------
# xsim v2024.1 (64-bit)
# SW Build 5076996 on Wed May 22 18:36:09 MDT 2024
# IP Build 5075265 on Wed May 22 21:45:21 MDT 2024
# SharedData Build 5076995 on Wed May 22 18:29:18 MDT 2024
# Start of session at: Tue Apr 28 18:38:40 2026
# Process ID: 3229428
# Current directory: /data3/home/pleguina/work/l1t-omtf-ops/arc-framework/plugins/trigger_demo/verify/trigger_output_xsim/xsim_work
# Command line: xsim -log /data3/home/pleguina/work/l1t-omtf-ops/arc-framework/plugins/trigger_demo/verify/trigger_output_xsim/xsim_work/simulate.log -mode tcl -source {xsim.dir/tb_trigger_output_xsim_snapshot/xsim_script.tcl}
# Log file: /data3/home/pleguina/work/l1t-omtf-ops/arc-framework/plugins/trigger_demo/verify/trigger_output_xsim/xsim_work/simulate.log
# Journal file: /data3/home/pleguina/work/l1t-omtf-ops/arc-framework/plugins/trigger_demo/verify/trigger_output_xsim/xsim_work/xsim.jou
# Running On        :pcwaw10
# Platform          :unknown
# Operating System  :unknown
# Processor Detail  :Intel(R) Core(TM) i9-14900K
# CPU Frequency     :963.821 MHz
# CPU Physical cores:24
# CPU Logical cores :32
# Host memory       :134199 MB
# Swap memory       :4294 MB
# Total Virtual     :138494 MB
# Available Virtual :87220 MB
#-----------------------------------------------------------
source xsim.dir/tb_trigger_output_xsim_snapshot/xsim_script.tcl
source /data3/home/pleguina/work/l1t-omtf-ops/arc-framework/plugins/trigger_demo/verify/trigger_output_xsim/xsim_work/wave.tcl
