Vivado Simulator v2024.1
Copyright 1986-2022 Xilinx, Inc. All Rights Reserved.
Copyright 2022-2024 Advanced Micro Devices, Inc. All Rights Reserved.
Running: /opt/Xlx/Vivado/2024.1/bin/unwrapped/lnx64.o/xelab --incr --debug typical --relax -L xil_defaultlib xil_defaultlib.tb_algo_top -s tb_algo_top_snapshot 
Multi-threading is on. Using 30 slave threads.
Starting static elaboration
Pass Through NonSizing Optimizer
Completed static elaboration
Starting simulation data flow analysis
WARNING: [XSIM 43-4099] "/data3/home/pleguina/work/l1t-omtf-ops/arc-framework/gen-top/design_trigger_demo_pipeline/algo_top.v" Line 6. Module algo_top doesn't have a timescale but at least one module in design has a timescale.
WARNING: [XSIM 43-4099] "/data3/home/pleguina/work/l1t-omtf-ops/arc-framework/plugins/trigger_demo/algo/rtl/decoded_partition_sink.v" Line 1. Module decoded_partition_sink doesn't have a timescale but at least one module in design has a timescale.
WARNING: [XSIM 43-4099] "/data3/home/pleguina/work/l1t-omtf-ops/arc-framework/plugins/trigger_demo/algo/rtl/trigger_fanout.v" Line 1. Module trigger_fanout doesn't have a timescale but at least one module in design has a timescale.
WARNING: [XSIM 43-4099] "/data3/home/pleguina/work/l1t-omtf-ops/arc-framework/plugins/trigger_demo/algo/rtl/trigger_contract_sink.v" Line 1. Module trigger_contract_sink doesn't have a timescale but at least one module in design has a timescale.
WARNING: [XSIM 43-4099] "/data3/home/pleguina/work/l1t-omtf-ops/arc-framework/gen-top/design_trigger_demo_pipeline/algo_top.v" Line 6. Module algo_top doesn't have a timescale but at least one module in design has a timescale.
WARNING: [XSIM 43-4099] "/data3/home/pleguina/work/l1t-omtf-ops/arc-framework/plugins/trigger_demo/algo/rtl/decoded_partition_sink.v" Line 1. Module decoded_partition_sink doesn't have a timescale but at least one module in design has a timescale.
WARNING: [XSIM 43-4099] "/data3/home/pleguina/work/l1t-omtf-ops/arc-framework/plugins/trigger_demo/algo/rtl/trigger_fanout.v" Line 1. Module trigger_fanout doesn't have a timescale but at least one module in design has a timescale.
WARNING: [XSIM 43-4099] "/data3/home/pleguina/work/l1t-omtf-ops/arc-framework/plugins/trigger_demo/algo/rtl/trigger_contract_sink.v" Line 1. Module trigger_contract_sink doesn't have a timescale but at least one module in design has a timescale.
Completed simulation data flow analysis
Time Resolution for simulation is 1ps
Compiling module xil_defaultlib.hit_decoder
Compiling module xil_defaultlib.hit_collector
Compiling module xil_defaultlib.trigger_logic
Compiling module xil_defaultlib.decoded_partition_sink
Compiling module xil_defaultlib.trigger_fanout
Compiling module xil_defaultlib.trigger_contract_sink
Compiling module xil_defaultlib.trigger_output
Compiling module xil_defaultlib.RegisterStage(DATAWIDTH=3,STAGES...
Compiling module xil_defaultlib.RegisterStage(DATAWIDTH=16,STAGE...
Compiling module xil_defaultlib.RegisterStage(STAGES=2)
Compiling module xil_defaultlib.signal_delay(DEPTH=3)
Compiling module xil_defaultlib.signal_delay(WIDTH=8,DEPTH=3)
Compiling module xil_defaultlib.algo_top
Compiling module xil_defaultlib.tb_algo_top
Built simulation snapshot tb_algo_top_snapshot
